Downloading https://github.com/pnggroup/libpng/archive/v1.6.50.tar.gz -> pnggroup-libpng-v1.6.50.tar.gz
Successfully downloaded pnggroup-libpng-v1.6.50.tar.gz
-- Extracting source C:/Users/jonas/AppData/Local/vcpkg/downloads/pnggroup-libpng-v1.6.50.tar.gz
-- Applying patch cmake.patch
-- Using source at C:/Users/jonas/Downloads/rompecabezas-kinect-c/vcpkg_installed/vcpkg/blds/libpng/src/v1.6.50-13b6aa9451.clean
-- Found external ninja('1.12.1').
-- Configuring x64-windows
-- Building x64-windows-dbg
-- Building x64-windows-rel
-- Installing: C:/Users/jonas/Downloads/rompecabezas-kinect-c/vcpkg_installed/vcpkg/pkgs/libpng_x64-windows/share/png/vcpkg-cmake-wrapper.cmake
-- Installing: C:/Users/jonas/Downloads/rompecabezas-kinect-c/vcpkg_installed/vcpkg/pkgs/libpng_x64-windows/share/libpng/libpng-config.cmake
-- Fixing pkgconfig file: C:/Users/jonas/Downloads/rompecabezas-kinect-c/vcpkg_installed/vcpkg/pkgs/libpng_x64-windows/lib/pkgconfig/libpng16.pc
-- Using cached msys2-mingw-w64-x86_64-pkgconf-1~2.3.0-1-any.pkg.tar.zst
-- Using cached msys2-msys2-runtime-3.5.4-2-x86_64.pkg.tar.zst
-- Using msys root at C:/Users/jonas/AppData/Local/vcpkg/downloads/tools/msys2/21caed2f81ec917b
-- Fixing pkgconfig file: C:/Users/jonas/Downloads/rompecabezas-kinect-c/vcpkg_installed/vcpkg/pkgs/libpng_x64-windows/debug/lib/pkgconfig/libpng16.pc
-- Installing: C:/Users/jonas/Downloads/rompecabezas-kinect-c/vcpkg_installed/vcpkg/pkgs/libpng_x64-windows/debug/lib/pkgconfig/libpng.pc
-- Installing: C:/Users/jonas/Downloads/rompecabezas-kinect-c/vcpkg_installed/vcpkg/pkgs/libpng_x64-windows/lib/pkgconfig/libpng.pc
-- Installing: C:/Users/jonas/Downloads/rompecabezas-kinect-c/vcpkg_installed/vcpkg/pkgs/libpng_x64-windows/share/libpng/usage
-- Installing: C:/Users/jonas/Downloads/rompecabezas-kinect-c/vcpkg_installed/vcpkg/pkgs/libpng_x64-windows/share/libpng/copyright
-- Performing post-build validation
