[1/2] "C:/Program Files/Microsoft Visual Studio/2022/Community/Common7/IDE/CommonExtensions/Microsoft/CMake/CMake/bin/cmake.exe" -E chdir "../../x64-windows-dbg" "C:/Program Files/Microsoft Visual Studio/2022/Community/Common7/IDE/CommonExtensions/Microsoft/CMake/CMake/bin/cmake.exe" "C:/Users/jonas/Downloads/rompecabezas-kinect-c/vcpkg_installed/vcpkg/blds/libjpeg-turbo/src/3.1.1-23af682a76.clean" "-G" "Ninja" "-DCMAKE_BUILD_TYPE=Debug" "-DCMAKE_INSTALL_PREFIX=C:/Users/jonas/Downloads/rompecabezas-kinect-c/vcpkg_installed/vcpkg/pkgs/libjpeg-turbo_x64-windows/debug" "-DFETCHCONTENT_FULLY_DISCONNECTED=ON" "-DENABLE_STATIC=0" "-DENABLE_SHARED=1" "-DINSTALL_DOCS=OFF" "-DWITH_CRT_DLL=1" "-DWITH_JPEG7=OFF" "-DWITH_JPEG8=OFF" "-DENABLE_EXECUTABLES=OFF" "-DWITH_SIMD=ON" "-DCMAKE_MAKE_PROGRAM=C:/Program Files/Microsoft Visual Studio/2022/Community/Common7/IDE/CommonExtensions/Microsoft/CMake/Ninja/ninja.exe" "-DBUILD_SHARED_LIBS=ON" "-DVCPKG_CHAINLOAD_TOOLCHAIN_FILE=C:/Program Files/Microsoft Visual Studio/2022/Community/VC/vcpkg/scripts/toolchains/windows.cmake" "-DVCPKG_TARGET_TRIPLET=x64-windows" "-DVCPKG_SET_CHARSET_FLAG=ON" "-DVCPKG_PLATFORM_TOOLSET=v143" "-DCMAKE_EXPORT_NO_PACKAGE_REGISTRY=ON" "-DCMAKE_FIND_PACKAGE_NO_PACKAGE_REGISTRY=ON" "-DCMAKE_FIND_PACKAGE_NO_SYSTEM_PACKAGE_REGISTRY=ON" "-DCMAKE_INSTALL_SYSTEM_RUNTIME_LIBS_SKIP=TRUE" "-DCMAKE_VERBOSE_MAKEFILE=ON" "-DVCPKG_APPLOCAL_DEPS=OFF" "-DCMAKE_TOOLCHAIN_FILE=C:/Program Files/Microsoft Visual Studio/2022/Community/VC/vcpkg/scripts/buildsystems/vcpkg.cmake" "-DCMAKE_ERROR_ON_ABSOLUTE_INSTALL_DESTINATION=ON" "-DVCPKG_CXX_FLAGS=" "-DVCPKG_CXX_FLAGS_RELEASE=" "-DVCPKG_CXX_FLAGS_DEBUG=" "-DVCPKG_C_FLAGS=" "-DVCPKG_C_FLAGS_RELEASE=" "-DVCPKG_C_FLAGS_DEBUG=" "-DVCPKG_CRT_LINKAGE=dynamic" "-DVCPKG_LINKER_FLAGS=" "-DVCPKG_LINKER_FLAGS_RELEASE=" "-DVCPKG_LINKER_FLAGS_DEBUG=" "-DVCPKG_TARGET_ARCHITECTURE=x64" "-DCMAKE_INSTALL_LIBDIR:STRING=lib" "-DCMAKE_INSTALL_BINDIR:STRING=bin" "-D_VCPKG_ROOT_DIR=C:/Program Files/Microsoft Visual Studio/2022/Community/VC/vcpkg" "-D_VCPKG_INSTALLED_DIR=C:/Users/jonas/Downloads/rompecabezas-kinect-c/vcpkg_installed" "-DVCPKG_MANIFEST_INSTALL=OFF" "-DENABLE_EXECUTABLES=OFF" "-DINSTALL_HEADERS=OFF"
-- The C compiler identification is MSVC 19.44.35216.0
-- Detecting C compiler ABI info
-- Detecting C compiler ABI info - done
-- Check for working C compiler: C:/Program Files/Microsoft Visual Studio/2022/Community/VC/Tools/MSVC/14.44.35207/bin/Hostx64/x64/cl.exe - skipped
-- Detecting C compile features
-- Detecting C compile features - done
-- CMAKE_BUILD_TYPE = Debug
-- VERSION = 3.1.1, BUILD = 20250918
-- 64-bit build (x86_64)
-- CMAKE_INSTALL_PREFIX = C:/Users/jonas/Downloads/rompecabezas-kinect-c/vcpkg_installed/vcpkg/pkgs/libjpeg-turbo_x64-windows/debug
-- CMAKE_INSTALL_BINDIR = bin (C:/Users/jonas/Downloads/rompecabezas-kinect-c/vcpkg_installed/vcpkg/pkgs/libjpeg-turbo_x64-windows/debug/bin)
-- CMAKE_INSTALL_DATAROOTDIR = share (C:/Users/jonas/Downloads/rompecabezas-kinect-c/vcpkg_installed/vcpkg/pkgs/libjpeg-turbo_x64-windows/debug/share)
-- CMAKE_INSTALL_DOCDIR = share/doc/libjpeg-turbo (C:/Users/jonas/Downloads/rompecabezas-kinect-c/vcpkg_installed/vcpkg/pkgs/libjpeg-turbo_x64-windows/debug/share/doc/libjpeg-turbo)
-- CMAKE_INSTALL_INCLUDEDIR = include (C:/Users/jonas/Downloads/rompecabezas-kinect-c/vcpkg_installed/vcpkg/pkgs/libjpeg-turbo_x64-windows/debug/include)
-- CMAKE_INSTALL_LIBDIR = lib (C:/Users/jonas/Downloads/rompecabezas-kinect-c/vcpkg_installed/vcpkg/pkgs/libjpeg-turbo_x64-windows/debug/lib)
-- Shared libraries enabled (ENABLE_SHARED = 1)
-- Static libraries disabled (ENABLE_STATIC = 0)
-- Arithmetic decoding support enabled (WITH_ARITH_DEC = 1)
-- Arithmetic encoding support enabled (WITH_ARITH_ENC = 1)
-- TurboJPEG API library enabled (WITH_TURBOJPEG = 1)
-- TurboJPEG Java wrapper disabled (WITH_JAVA = 0)
-- Emulating libjpeg API/ABI v6.2 (WITH_JPEG7 = 0, WITH_JPEG8 = 0)
-- libjpeg API shared library version = 62.4.0
-- Compiler flags =  /nologo /DWIN32 /D_WINDOWS /utf-8 /MP  /MDd /Z7 /Ob0 /Od /RTC1 
-- Linker flags = /machine:x64 /nologo    /debug /INCREMENTAL
-- Looking for sys/types.h
-- Looking for sys/types.h - found
-- Looking for stdint.h
-- Looking for stdint.h - found
-- Looking for stddef.h
-- Looking for stddef.h - found
-- Check size of size_t
-- Check size of size_t - done
-- Check size of unsigned long
-- Check size of unsigned long - done
-- Looking for include file intrin.h
-- Looking for include file intrin.h - found
-- Performing Test INLINE_WORKS
-- Performing Test INLINE_WORKS - Success
-- INLINE = __forceinline (FORCE_INLINE = 1)
-- Performing Test HAVE_THREAD_LOCAL
-- Performing Test HAVE_THREAD_LOCAL - Success
-- THREAD_LOCAL = __declspec(thread)
-- CMAKE_EXECUTABLE_SUFFIX = .exe
-- Looking for a ASM_NASM compiler
-- Looking for a ASM_NASM compiler - C:/Users/jonas/AppData/Local/vcpkg/downloads/tools/nasm/nasm-2.16.03/nasm.exe
-- The ASM_NASM compiler identification is NASM
-- Found assembler: C:/Users/jonas/AppData/Local/vcpkg/downloads/tools/nasm/nasm-2.16.03/nasm.exe
-- CMAKE_ASM_NASM_COMPILER = C:/Users/jonas/AppData/Local/vcpkg/downloads/tools/nasm/nasm-2.16.03/nasm.exe
-- CMAKE_ASM_NASM_OBJECT_FORMAT = win64
-- CMAKE_ASM_NASM_FLAGS =  -DWIN64 -D__x86_64__ -g
-- SIMD extensions: x86_64 (WITH_SIMD = 1)
-- Visual C++ run-time library for libjpeg API DLL: MultiThreadedDebugDLL
-- FLOATTEST8 = sse
-- FLOATTEST12 = no-fp-contract
-- Configuring done (5.1s)
-- Generating done (0.4s)
CMake Warning:
  Manually-specified variables were not used by the project:

    FETCHCONTENT_FULLY_DISCONNECTED
    _VCPKG_ROOT_DIR


-- Build files have been written to: C:/Users/jonas/Downloads/rompecabezas-kinect-c/vcpkg_installed/vcpkg/blds/libjpeg-turbo/x64-windows-dbg
[2/2] "C:/Program Files/Microsoft Visual Studio/2022/Community/Common7/IDE/CommonExtensions/Microsoft/CMake/CMake/bin/cmake.exe" -E chdir ".." "C:/Program Files/Microsoft Visual Studio/2022/Community/Common7/IDE/CommonExtensions/Microsoft/CMake/CMake/bin/cmake.exe" "C:/Users/jonas/Downloads/rompecabezas-kinect-c/vcpkg_installed/vcpkg/blds/libjpeg-turbo/src/3.1.1-23af682a76.clean" "-G" "Ninja" "-DCMAKE_BUILD_TYPE=Release" "-DCMAKE_INSTALL_PREFIX=C:/Users/jonas/Downloads/rompecabezas-kinect-c/vcpkg_installed/vcpkg/pkgs/libjpeg-turbo_x64-windows" "-DFETCHCONTENT_FULLY_DISCONNECTED=ON" "-DENABLE_STATIC=0" "-DENABLE_SHARED=1" "-DINSTALL_DOCS=OFF" "-DWITH_CRT_DLL=1" "-DWITH_JPEG7=OFF" "-DWITH_JPEG8=OFF" "-DENABLE_EXECUTABLES=OFF" "-DWITH_SIMD=ON" "-DCMAKE_MAKE_PROGRAM=C:/Program Files/Microsoft Visual Studio/2022/Community/Common7/IDE/CommonExtensions/Microsoft/CMake/Ninja/ninja.exe" "-DBUILD_SHARED_LIBS=ON" "-DVCPKG_CHAINLOAD_TOOLCHAIN_FILE=C:/Program Files/Microsoft Visual Studio/2022/Community/VC/vcpkg/scripts/toolchains/windows.cmake" "-DVCPKG_TARGET_TRIPLET=x64-windows" "-DVCPKG_SET_CHARSET_FLAG=ON" "-DVCPKG_PLATFORM_TOOLSET=v143" "-DCMAKE_EXPORT_NO_PACKAGE_REGISTRY=ON" "-DCMAKE_FIND_PACKAGE_NO_PACKAGE_REGISTRY=ON" "-DCMAKE_FIND_PACKAGE_NO_SYSTEM_PACKAGE_REGISTRY=ON" "-DCMAKE_INSTALL_SYSTEM_RUNTIME_LIBS_SKIP=TRUE" "-DCMAKE_VERBOSE_MAKEFILE=ON" "-DVCPKG_APPLOCAL_DEPS=OFF" "-DCMAKE_TOOLCHAIN_FILE=C:/Program Files/Microsoft Visual Studio/2022/Community/VC/vcpkg/scripts/buildsystems/vcpkg.cmake" "-DCMAKE_ERROR_ON_ABSOLUTE_INSTALL_DESTINATION=ON" "-DVCPKG_CXX_FLAGS=" "-DVCPKG_CXX_FLAGS_RELEASE=" "-DVCPKG_CXX_FLAGS_DEBUG=" "-DVCPKG_C_FLAGS=" "-DVCPKG_C_FLAGS_RELEASE=" "-DVCPKG_C_FLAGS_DEBUG=" "-DVCPKG_CRT_LINKAGE=dynamic" "-DVCPKG_LINKER_FLAGS=" "-DVCPKG_LINKER_FLAGS_RELEASE=" "-DVCPKG_LINKER_FLAGS_DEBUG=" "-DVCPKG_TARGET_ARCHITECTURE=x64" "-DCMAKE_INSTALL_LIBDIR:STRING=lib" "-DCMAKE_INSTALL_BINDIR:STRING=bin" "-D_VCPKG_ROOT_DIR=C:/Program Files/Microsoft Visual Studio/2022/Community/VC/vcpkg" "-D_VCPKG_INSTALLED_DIR=C:/Users/jonas/Downloads/rompecabezas-kinect-c/vcpkg_installed" "-DVCPKG_MANIFEST_INSTALL=OFF"
-- The C compiler identification is MSVC 19.44.35216.0
-- Detecting C compiler ABI info
-- Detecting C compiler ABI info - done
-- Check for working C compiler: C:/Program Files/Microsoft Visual Studio/2022/Community/VC/Tools/MSVC/14.44.35207/bin/Hostx64/x64/cl.exe - skipped
-- Detecting C compile features
-- Detecting C compile features - done
-- CMAKE_BUILD_TYPE = Release
-- VERSION = 3.1.1, BUILD = 20250918
-- 64-bit build (x86_64)
-- CMAKE_INSTALL_PREFIX = C:/Users/jonas/Downloads/rompecabezas-kinect-c/vcpkg_installed/vcpkg/pkgs/libjpeg-turbo_x64-windows
-- CMAKE_INSTALL_BINDIR = bin (C:/Users/jonas/Downloads/rompecabezas-kinect-c/vcpkg_installed/vcpkg/pkgs/libjpeg-turbo_x64-windows/bin)
-- CMAKE_INSTALL_DATAROOTDIR = share (C:/Users/jonas/Downloads/rompecabezas-kinect-c/vcpkg_installed/vcpkg/pkgs/libjpeg-turbo_x64-windows/share)
-- CMAKE_INSTALL_DOCDIR = share/doc/libjpeg-turbo (C:/Users/jonas/Downloads/rompecabezas-kinect-c/vcpkg_installed/vcpkg/pkgs/libjpeg-turbo_x64-windows/share/doc/libjpeg-turbo)
-- CMAKE_INSTALL_INCLUDEDIR = include (C:/Users/jonas/Downloads/rompecabezas-kinect-c/vcpkg_installed/vcpkg/pkgs/libjpeg-turbo_x64-windows/include)
-- CMAKE_INSTALL_LIBDIR = lib (C:/Users/jonas/Downloads/rompecabezas-kinect-c/vcpkg_installed/vcpkg/pkgs/libjpeg-turbo_x64-windows/lib)
-- Shared libraries enabled (ENABLE_SHARED = 1)
-- Static libraries disabled (ENABLE_STATIC = 0)
-- Arithmetic decoding support enabled (WITH_ARITH_DEC = 1)
-- Arithmetic encoding support enabled (WITH_ARITH_ENC = 1)
-- TurboJPEG API library enabled (WITH_TURBOJPEG = 1)
-- TurboJPEG Java wrapper disabled (WITH_JAVA = 0)
-- Emulating libjpeg API/ABI v6.2 (WITH_JPEG7 = 0, WITH_JPEG8 = 0)
-- libjpeg API shared library version = 62.4.0
-- Compiler flags =  /nologo /DWIN32 /D_WINDOWS /utf-8 /MP  /MD /O2 /Oi /Gy /DNDEBUG /Z7 
-- Linker flags = /machine:x64 /nologo /DEBUG /INCREMENTAL:NO /OPT:REF /OPT:ICF  
-- Looking for sys/types.h
-- Looking for sys/types.h - found
-- Looking for stdint.h
-- Looking for stdint.h - found
-- Looking for stddef.h
-- Looking for stddef.h - found
-- Check size of size_t
-- Check size of size_t - done
-- Check size of unsigned long
-- Check size of unsigned long - done
-- Looking for include file intrin.h
-- Looking for include file intrin.h - found
-- Performing Test INLINE_WORKS
-- Performing Test INLINE_WORKS - Success
-- INLINE = __forceinline (FORCE_INLINE = 1)
-- Performing Test HAVE_THREAD_LOCAL
-- Performing Test HAVE_THREAD_LOCAL - Success
-- THREAD_LOCAL = __declspec(thread)
-- CMAKE_EXECUTABLE_SUFFIX = .exe
-- Looking for a ASM_NASM compiler
-- Looking for a ASM_NASM compiler - C:/Users/jonas/AppData/Local/vcpkg/downloads/tools/nasm/nasm-2.16.03/nasm.exe
-- The ASM_NASM compiler identification is NASM
-- Found assembler: C:/Users/jonas/AppData/Local/vcpkg/downloads/tools/nasm/nasm-2.16.03/nasm.exe
-- CMAKE_ASM_NASM_COMPILER = C:/Users/jonas/AppData/Local/vcpkg/downloads/tools/nasm/nasm-2.16.03/nasm.exe
-- CMAKE_ASM_NASM_OBJECT_FORMAT = win64
-- CMAKE_ASM_NASM_FLAGS =  -DWIN64 -D__x86_64__ 
-- SIMD extensions: x86_64 (WITH_SIMD = 1)
-- Visual C++ run-time library for libjpeg API DLL: MultiThreadedDLL
-- FLOATTEST8 = sse
-- FLOATTEST12 = no-fp-contract
-- Configuring done (5.1s)
-- Generating done (0.4s)
CMake Warning:
  Manually-specified variables were not used by the project:

    FETCHCONTENT_FULLY_DISCONNECTED
    _VCPKG_ROOT_DIR


-- Build files have been written to: C:/Users/jonas/Downloads/rompecabezas-kinect-c/vcpkg_installed/vcpkg/blds/libjpeg-turbo/x64-windows-rel
