
---
events:
  -
    kind: "message-v1"
    backtrace:
      - "C:/Program Files/Microsoft Visual Studio/2022/Community/Common7/IDE/CommonExtensions/Microsoft/CMake/CMake/share/cmake-3.31/Modules/CMakeDetermineSystem.cmake:205 (message)"
      - "CMakeLists.txt:4 (project)"
    message: |
      The system is: Windows - 10.0.26100 - AMD64
  -
    kind: "message-v1"
    backtrace:
      - "C:/Program Files/Microsoft Visual Studio/2022/Community/Common7/IDE/CommonExtensions/Microsoft/CMake/CMake/share/cmake-3.31/Modules/CMakeDetermineCompilerId.cmake:17 (message)"
      - "C:/Program Files/Microsoft Visual Studio/2022/Community/Common7/IDE/CommonExtensions/Microsoft/CMake/CMake/share/cmake-3.31/Modules/CMakeDetermineCompilerId.cmake:64 (__determine_compiler_id_test)"
      - "C:/Program Files/Microsoft Visual Studio/2022/Community/Common7/IDE/CommonExtensions/Microsoft/CMake/CMake/share/cmake-3.31/Modules/CMakeDetermineCCompiler.cmake:123 (CMAKE_DETERMINE_COMPILER_ID)"
      - "CMakeLists.txt:4 (project)"
    message: |
      Compiling the C compiler identification source file "CMakeCCompilerId.c" succeeded.
      Compiler: C:/Program Files/Microsoft Visual Studio/2022/Community/VC/Tools/MSVC/14.44.35207/bin/Hostx64/x64/cl.exe 
      Build flags: /nologo;/DWIN32;/D_WINDOWS;/utf-8;/MP
      Id flags:  
      
      The output was:
      0
      CMakeCCompilerId.c
      
      
      Compilation of the C compiler identification source "CMakeCCompilerId.c" produced "CMakeCCompilerId.exe"
      
      Compilation of the C compiler identification source "CMakeCCompilerId.c" produced "CMakeCCompilerId.obj"
      
      The C compiler identification is MSVC, found in:
        C:/Users/jonas/Downloads/rompecabezas-kinect-c/vcpkg_installed/vcpkg/blds/zlib/x64-windows-rel/CMakeFiles/3.31.6-msvc6/CompilerIdC/CMakeCCompilerId.exe
      
  -
    kind: "message-v1"
    backtrace:
      - "C:/Program Files/Microsoft Visual Studio/2022/Community/Common7/IDE/CommonExtensions/Microsoft/CMake/CMake/share/cmake-3.31/Modules/CMakeDetermineCompilerId.cmake:1288 (message)"
      - "C:/Program Files/Microsoft Visual Studio/2022/Community/Common7/IDE/CommonExtensions/Microsoft/CMake/CMake/share/cmake-3.31/Modules/CMakeDetermineCompilerId.cmake:250 (CMAKE_DETERMINE_MSVC_SHOWINCLUDES_PREFIX)"
      - "C:/Program Files/Microsoft Visual Studio/2022/Community/Common7/IDE/CommonExtensions/Microsoft/CMake/CMake/share/cmake-3.31/Modules/CMakeDetermineCCompiler.cmake:123 (CMAKE_DETERMINE_COMPILER_ID)"
      - "CMakeLists.txt:4 (project)"
    message: |
      Detecting C compiler /showIncludes prefix:
        main.c
        Nota: inclusión del archivo: C:\\Users\\jonas\\Downloads\\rompecabezas-kinect-c\\vcpkg_installed\\vcpkg\\blds\\zlib\\x64-windows-rel\\CMakeFiles\\ShowIncludes\\foo.h
        
      Found prefix "Nota: inclusión del archivo: "
  -
    kind: "try_compile-v1"
    backtrace:
      - "C:/Program Files/Microsoft Visual Studio/2022/Community/Common7/IDE/CommonExtensions/Microsoft/CMake/CMake/share/cmake-3.31/Modules/CMakeDetermineCompilerABI.cmake:74 (try_compile)"
      - "C:/Program Files/Microsoft Visual Studio/2022/Community/Common7/IDE/CommonExtensions/Microsoft/CMake/CMake/share/cmake-3.31/Modules/CMakeTestCCompiler.cmake:26 (CMAKE_DETERMINE_COMPILER_ABI)"
      - "CMakeLists.txt:4 (project)"
    checks:
      - "Detecting C compiler ABI info"
    directories:
      source: "C:/Users/jonas/Downloads/rompecabezas-kinect-c/vcpkg_installed/vcpkg/blds/zlib/x64-windows-rel/CMakeFiles/CMakeScratch/TryCompile-3z825y"
      binary: "C:/Users/jonas/Downloads/rompecabezas-kinect-c/vcpkg_installed/vcpkg/blds/zlib/x64-windows-rel/CMakeFiles/CMakeScratch/TryCompile-3z825y"
    cmakeVariables:
      CMAKE_C_FLAGS: " /nologo /DWIN32 /D_WINDOWS /utf-8 /MP "
      CMAKE_C_FLAGS_DEBUG: "/MDd /Z7 /Ob0 /Od /RTC1 "
      CMAKE_EXE_LINKER_FLAGS: "/machine:x64"
      CMAKE_MSVC_DEBUG_INFORMATION_FORMAT: ""
      CMAKE_MSVC_RUNTIME_LIBRARY: "MultiThreaded$<$<CONFIG:Debug>:Debug>$<$<STREQUAL:dynamic,dynamic>:DLL>"
      VCPKG_CHAINLOAD_TOOLCHAIN_FILE: "C:/Program Files/Microsoft Visual Studio/2022/Community/VC/vcpkg/scripts/toolchains/windows.cmake"
      VCPKG_CRT_LINKAGE: "dynamic"
      VCPKG_CXX_FLAGS: ""
      VCPKG_CXX_FLAGS_DEBUG: ""
      VCPKG_CXX_FLAGS_RELEASE: ""
      VCPKG_C_FLAGS: ""
      VCPKG_C_FLAGS_DEBUG: ""
      VCPKG_C_FLAGS_RELEASE: ""
      VCPKG_INSTALLED_DIR: "C:/Users/jonas/Downloads/rompecabezas-kinect-c/vcpkg_installed"
      VCPKG_LINKER_FLAGS: ""
      VCPKG_LINKER_FLAGS_DEBUG: ""
      VCPKG_LINKER_FLAGS_RELEASE: ""
      VCPKG_PLATFORM_TOOLSET: "v143"
      VCPKG_PREFER_SYSTEM_LIBS: "OFF"
      VCPKG_SET_CHARSET_FLAG: "ON"
      VCPKG_TARGET_ARCHITECTURE: "x64"
      VCPKG_TARGET_TRIPLET: "x64-windows"
      Z_VCPKG_ROOT_DIR: "C:/Program Files/Microsoft Visual Studio/2022/Community/VC/vcpkg"
    buildResult:
      variable: "CMAKE_C_ABI_COMPILED"
      cached: true
      stdout: |
        Change Dir: 'C:/Users/jonas/Downloads/rompecabezas-kinect-c/vcpkg_installed/vcpkg/blds/zlib/x64-windows-rel/CMakeFiles/CMakeScratch/TryCompile-3z825y'
        
        Run Build Command(s): "C:/Program Files/Microsoft Visual Studio/2022/Community/Common7/IDE/CommonExtensions/Microsoft/CMake/Ninja/ninja.exe" -v cmTC_cc66c
        [1/2] C:\\PROGRA~1\\MIB055~1\\2022\\COMMUN~1\\VC\\Tools\\MSVC\\1444~1.352\\bin\\Hostx64\\x64\\cl.exe  /nologo   /nologo /DWIN32 /D_WINDOWS /utf-8 /MP   /MDd /Z7 /Ob0 /Od /RTC1  -MDd /showIncludes /FoCMakeFiles\\cmTC_cc66c.dir\\CMakeCCompilerABI.c.obj /FdCMakeFiles\\cmTC_cc66c.dir\\ /FS -c "C:\\Program Files\\Microsoft Visual Studio\\2022\\Community\\Common7\\IDE\\CommonExtensions\\Microsoft\\CMake\\CMake\\share\\cmake-3.31\\Modules\\CMakeCCompilerABI.c"
        [2/2] C:\\WINDOWS\\system32\\cmd.exe /C "cd . && "C:\\Program Files\\Microsoft Visual Studio\\2022\\Community\\Common7\\IDE\\CommonExtensions\\Microsoft\\CMake\\CMake\\bin\\cmake.exe" -E vs_link_exe --msvc-ver=1944 --intdir=CMakeFiles\\cmTC_cc66c.dir --rc=C:\\PROGRA~2\\WI3CF2~1\\10\\bin\\100261~1.0\\x64\\rc.exe --mt=C:\\PROGRA~2\\WI3CF2~1\\10\\bin\\100261~1.0\\x64\\mt.exe --manifests  -- C:\\PROGRA~1\\MIB055~1\\2022\\COMMUN~1\\VC\\Tools\\MSVC\\1444~1.352\\bin\\Hostx64\\x64\\link.exe /nologo CMakeFiles\\cmTC_cc66c.dir\\CMakeCCompilerABI.c.obj  /out:cmTC_cc66c.exe /implib:cmTC_cc66c.lib /pdb:cmTC_cc66c.pdb /version:0.0 /machine:x64  /nologo    /debug /INCREMENTAL /subsystem:console  kernel32.lib user32.lib gdi32.lib winspool.lib shell32.lib ole32.lib oleaut32.lib uuid.lib comdlg32.lib advapi32.lib && cd ."
        
      exitCode: 0
  -
    kind: "message-v1"
    backtrace:
      - "C:/Program Files/Microsoft Visual Studio/2022/Community/Common7/IDE/CommonExtensions/Microsoft/CMake/CMake/share/cmake-3.31/Modules/CMakeDetermineCompilerABI.cmake:218 (message)"
      - "C:/Program Files/Microsoft Visual Studio/2022/Community/Common7/IDE/CommonExtensions/Microsoft/CMake/CMake/share/cmake-3.31/Modules/CMakeTestCCompiler.cmake:26 (CMAKE_DETERMINE_COMPILER_ABI)"
      - "CMakeLists.txt:4 (project)"
    message: |
      Parsed C implicit link information:
        link line regex: [^( *|.*[/\\])(ld[0-9]*(\\.[a-z]+)?|link\\.exe|lld-link(\\.exe)?|CMAKE_LINK_STARTFILE-NOTFOUND|([^/\\]+-)?ld|collect2)[^/\\]*( |$)]
        linker tool regex: [^[ 	]*(->|")?[ 	]*(([^"]*[/\\])?(ld[0-9]*(\\.[a-z]+)?|link\\.exe|lld-link(\\.exe)?))("|,| |$)]
        linker tool for 'C': C:/PROGRA~1/MIB055~1/2022/COMMUN~1/VC/Tools/MSVC/1444~1.352/bin/Hostx64/x64/link.exe
        implicit libs: []
        implicit objs: []
        implicit dirs: []
        implicit fwks: []
      
      
  -
    kind: "message-v1"
    backtrace:
      - "C:/Program Files/Microsoft Visual Studio/2022/Community/Common7/IDE/CommonExtensions/Microsoft/CMake/CMake/share/cmake-3.31/Modules/Internal/CMakeDetermineLinkerId.cmake:40 (message)"
      - "C:/Program Files/Microsoft Visual Studio/2022/Community/Common7/IDE/CommonExtensions/Microsoft/CMake/CMake/share/cmake-3.31/Modules/CMakeDetermineCompilerABI.cmake:255 (cmake_determine_linker_id)"
      - "C:/Program Files/Microsoft Visual Studio/2022/Community/Common7/IDE/CommonExtensions/Microsoft/CMake/CMake/share/cmake-3.31/Modules/CMakeTestCCompiler.cmake:26 (CMAKE_DETERMINE_COMPILER_ABI)"
      - "CMakeLists.txt:4 (project)"
    message: |
      Running the C compiler's linker: "C:/PROGRA~1/MIB055~1/2022/COMMUN~1/VC/Tools/MSVC/1444~1.352/bin/Hostx64/x64/link.exe" "-v"
      Microsoft (R) Incremental Linker Version 14.44.35216.0
      Copyright (C) Microsoft Corporation.  All rights reserved.
  -
    kind: "try_compile-v1"
    backtrace:
      - "C:/Program Files/Microsoft Visual Studio/2022/Community/Common7/IDE/CommonExtensions/Microsoft/CMake/CMake/share/cmake-3.31/Modules/CheckIncludeFile.cmake:99 (try_compile)"
      - "CMakeLists.txt:22 (check_include_file)"
    checks:
      - "Looking for sys/types.h"
    directories:
      source: "C:/Users/jonas/Downloads/rompecabezas-kinect-c/vcpkg_installed/vcpkg/blds/zlib/x64-windows-rel/CMakeFiles/CMakeScratch/TryCompile-fks40a"
      binary: "C:/Users/jonas/Downloads/rompecabezas-kinect-c/vcpkg_installed/vcpkg/blds/zlib/x64-windows-rel/CMakeFiles/CMakeScratch/TryCompile-fks40a"
    cmakeVariables:
      CMAKE_C_FLAGS: " /nologo /DWIN32 /D_WINDOWS /utf-8 /MP "
      CMAKE_C_FLAGS_DEBUG: "/MDd /Z7 /Ob0 /Od /RTC1 "
      CMAKE_EXE_LINKER_FLAGS: "/machine:x64"
      CMAKE_MSVC_DEBUG_INFORMATION_FORMAT: ""
      CMAKE_MSVC_RUNTIME_LIBRARY: "MultiThreaded$<$<CONFIG:Debug>:Debug>$<$<STREQUAL:dynamic,dynamic>:DLL>"
      VCPKG_CHAINLOAD_TOOLCHAIN_FILE: "C:/Program Files/Microsoft Visual Studio/2022/Community/VC/vcpkg/scripts/toolchains/windows.cmake"
      VCPKG_CRT_LINKAGE: "dynamic"
      VCPKG_CXX_FLAGS: ""
      VCPKG_CXX_FLAGS_DEBUG: ""
      VCPKG_CXX_FLAGS_RELEASE: ""
      VCPKG_C_FLAGS: ""
      VCPKG_C_FLAGS_DEBUG: ""
      VCPKG_C_FLAGS_RELEASE: ""
      VCPKG_INSTALLED_DIR: "C:/Users/jonas/Downloads/rompecabezas-kinect-c/vcpkg_installed"
      VCPKG_LINKER_FLAGS: ""
      VCPKG_LINKER_FLAGS_DEBUG: ""
      VCPKG_LINKER_FLAGS_RELEASE: ""
      VCPKG_PLATFORM_TOOLSET: "v143"
      VCPKG_PREFER_SYSTEM_LIBS: "OFF"
      VCPKG_SET_CHARSET_FLAG: "ON"
      VCPKG_TARGET_ARCHITECTURE: "x64"
      VCPKG_TARGET_TRIPLET: "x64-windows"
      Z_VCPKG_ROOT_DIR: "C:/Program Files/Microsoft Visual Studio/2022/Community/VC/vcpkg"
    buildResult:
      variable: "HAVE_SYS_TYPES_H"
      cached: true
      stdout: |
        Change Dir: 'C:/Users/jonas/Downloads/rompecabezas-kinect-c/vcpkg_installed/vcpkg/blds/zlib/x64-windows-rel/CMakeFiles/CMakeScratch/TryCompile-fks40a'
        
        Run Build Command(s): "C:/Program Files/Microsoft Visual Studio/2022/Community/Common7/IDE/CommonExtensions/Microsoft/CMake/Ninja/ninja.exe" -v cmTC_b1bb1
        [1/2] C:\\PROGRA~1\\MIB055~1\\2022\\COMMUN~1\\VC\\Tools\\MSVC\\1444~1.352\\bin\\Hostx64\\x64\\cl.exe  /nologo   /nologo /DWIN32 /D_WINDOWS /utf-8 /MP   /MDd /Z7 /Ob0 /Od /RTC1  -MDd /showIncludes /FoCMakeFiles\\cmTC_b1bb1.dir\\CheckIncludeFile.c.obj /FdCMakeFiles\\cmTC_b1bb1.dir\\ /FS -c C:\\Users\\jonas\\Downloads\\rompecabezas-kinect-c\\vcpkg_installed\\vcpkg\\blds\\zlib\\x64-windows-rel\\CMakeFiles\\CMakeScratch\\TryCompile-fks40a\\CheckIncludeFile.c
        [2/2] C:\\WINDOWS\\system32\\cmd.exe /C "cd . && "C:\\Program Files\\Microsoft Visual Studio\\2022\\Community\\Common7\\IDE\\CommonExtensions\\Microsoft\\CMake\\CMake\\bin\\cmake.exe" -E vs_link_exe --msvc-ver=1944 --intdir=CMakeFiles\\cmTC_b1bb1.dir --rc=C:\\PROGRA~2\\WI3CF2~1\\10\\bin\\100261~1.0\\x64\\rc.exe --mt=C:\\PROGRA~2\\WI3CF2~1\\10\\bin\\100261~1.0\\x64\\mt.exe --manifests  -- C:\\PROGRA~1\\MIB055~1\\2022\\COMMUN~1\\VC\\Tools\\MSVC\\1444~1.352\\bin\\Hostx64\\x64\\link.exe /nologo CMakeFiles\\cmTC_b1bb1.dir\\CheckIncludeFile.c.obj  /out:cmTC_b1bb1.exe /implib:cmTC_b1bb1.lib /pdb:cmTC_b1bb1.pdb /version:0.0 /machine:x64  /nologo    /debug /INCREMENTAL /subsystem:console  kernel32.lib user32.lib gdi32.lib winspool.lib shell32.lib ole32.lib oleaut32.lib uuid.lib comdlg32.lib advapi32.lib && cd ."
        
      exitCode: 0
  -
    kind: "try_compile-v1"
    backtrace:
      - "C:/Program Files/Microsoft Visual Studio/2022/Community/Common7/IDE/CommonExtensions/Microsoft/CMake/CMake/share/cmake-3.31/Modules/CheckIncludeFile.cmake:99 (try_compile)"
      - "CMakeLists.txt:23 (check_include_file)"
    checks:
      - "Looking for stdint.h"
    directories:
      source: "C:/Users/jonas/Downloads/rompecabezas-kinect-c/vcpkg_installed/vcpkg/blds/zlib/x64-windows-rel/CMakeFiles/CMakeScratch/TryCompile-85bppx"
      binary: "C:/Users/jonas/Downloads/rompecabezas-kinect-c/vcpkg_installed/vcpkg/blds/zlib/x64-windows-rel/CMakeFiles/CMakeScratch/TryCompile-85bppx"
    cmakeVariables:
      CMAKE_C_FLAGS: " /nologo /DWIN32 /D_WINDOWS /utf-8 /MP "
      CMAKE_C_FLAGS_DEBUG: "/MDd /Z7 /Ob0 /Od /RTC1 "
      CMAKE_EXE_LINKER_FLAGS: "/machine:x64"
      CMAKE_MSVC_DEBUG_INFORMATION_FORMAT: ""
      CMAKE_MSVC_RUNTIME_LIBRARY: "MultiThreaded$<$<CONFIG:Debug>:Debug>$<$<STREQUAL:dynamic,dynamic>:DLL>"
      VCPKG_CHAINLOAD_TOOLCHAIN_FILE: "C:/Program Files/Microsoft Visual Studio/2022/Community/VC/vcpkg/scripts/toolchains/windows.cmake"
      VCPKG_CRT_LINKAGE: "dynamic"
      VCPKG_CXX_FLAGS: ""
      VCPKG_CXX_FLAGS_DEBUG: ""
      VCPKG_CXX_FLAGS_RELEASE: ""
      VCPKG_C_FLAGS: ""
      VCPKG_C_FLAGS_DEBUG: ""
      VCPKG_C_FLAGS_RELEASE: ""
      VCPKG_INSTALLED_DIR: "C:/Users/jonas/Downloads/rompecabezas-kinect-c/vcpkg_installed"
      VCPKG_LINKER_FLAGS: ""
      VCPKG_LINKER_FLAGS_DEBUG: ""
      VCPKG_LINKER_FLAGS_RELEASE: ""
      VCPKG_PLATFORM_TOOLSET: "v143"
      VCPKG_PREFER_SYSTEM_LIBS: "OFF"
      VCPKG_SET_CHARSET_FLAG: "ON"
      VCPKG_TARGET_ARCHITECTURE: "x64"
      VCPKG_TARGET_TRIPLET: "x64-windows"
      Z_VCPKG_ROOT_DIR: "C:/Program Files/Microsoft Visual Studio/2022/Community/VC/vcpkg"
    buildResult:
      variable: "HAVE_STDINT_H"
      cached: true
      stdout: |
        Change Dir: 'C:/Users/jonas/Downloads/rompecabezas-kinect-c/vcpkg_installed/vcpkg/blds/zlib/x64-windows-rel/CMakeFiles/CMakeScratch/TryCompile-85bppx'
        
        Run Build Command(s): "C:/Program Files/Microsoft Visual Studio/2022/Community/Common7/IDE/CommonExtensions/Microsoft/CMake/Ninja/ninja.exe" -v cmTC_4debe
        [1/2] C:\\PROGRA~1\\MIB055~1\\2022\\COMMUN~1\\VC\\Tools\\MSVC\\1444~1.352\\bin\\Hostx64\\x64\\cl.exe  /nologo   /nologo /DWIN32 /D_WINDOWS /utf-8 /MP   /MDd /Z7 /Ob0 /Od /RTC1  -MDd /showIncludes /FoCMakeFiles\\cmTC_4debe.dir\\CheckIncludeFile.c.obj /FdCMakeFiles\\cmTC_4debe.dir\\ /FS -c C:\\Users\\jonas\\Downloads\\rompecabezas-kinect-c\\vcpkg_installed\\vcpkg\\blds\\zlib\\x64-windows-rel\\CMakeFiles\\CMakeScratch\\TryCompile-85bppx\\CheckIncludeFile.c
        [2/2] C:\\WINDOWS\\system32\\cmd.exe /C "cd . && "C:\\Program Files\\Microsoft Visual Studio\\2022\\Community\\Common7\\IDE\\CommonExtensions\\Microsoft\\CMake\\CMake\\bin\\cmake.exe" -E vs_link_exe --msvc-ver=1944 --intdir=CMakeFiles\\cmTC_4debe.dir --rc=C:\\PROGRA~2\\WI3CF2~1\\10\\bin\\100261~1.0\\x64\\rc.exe --mt=C:\\PROGRA~2\\WI3CF2~1\\10\\bin\\100261~1.0\\x64\\mt.exe --manifests  -- C:\\PROGRA~1\\MIB055~1\\2022\\COMMUN~1\\VC\\Tools\\MSVC\\1444~1.352\\bin\\Hostx64\\x64\\link.exe /nologo CMakeFiles\\cmTC_4debe.dir\\CheckIncludeFile.c.obj  /out:cmTC_4debe.exe /implib:cmTC_4debe.lib /pdb:cmTC_4debe.pdb /version:0.0 /machine:x64  /nologo    /debug /INCREMENTAL /subsystem:console  kernel32.lib user32.lib gdi32.lib winspool.lib shell32.lib ole32.lib oleaut32.lib uuid.lib comdlg32.lib advapi32.lib && cd ."
        
      exitCode: 0
  -
    kind: "try_compile-v1"
    backtrace:
      - "C:/Program Files/Microsoft Visual Studio/2022/Community/Common7/IDE/CommonExtensions/Microsoft/CMake/CMake/share/cmake-3.31/Modules/CheckIncludeFile.cmake:99 (try_compile)"
      - "CMakeLists.txt:24 (check_include_file)"
    checks:
      - "Looking for stddef.h"
    directories:
      source: "C:/Users/jonas/Downloads/rompecabezas-kinect-c/vcpkg_installed/vcpkg/blds/zlib/x64-windows-rel/CMakeFiles/CMakeScratch/TryCompile-zesj4d"
      binary: "C:/Users/jonas/Downloads/rompecabezas-kinect-c/vcpkg_installed/vcpkg/blds/zlib/x64-windows-rel/CMakeFiles/CMakeScratch/TryCompile-zesj4d"
    cmakeVariables:
      CMAKE_C_FLAGS: " /nologo /DWIN32 /D_WINDOWS /utf-8 /MP "
      CMAKE_C_FLAGS_DEBUG: "/MDd /Z7 /Ob0 /Od /RTC1 "
      CMAKE_EXE_LINKER_FLAGS: "/machine:x64"
      CMAKE_MSVC_DEBUG_INFORMATION_FORMAT: ""
      CMAKE_MSVC_RUNTIME_LIBRARY: "MultiThreaded$<$<CONFIG:Debug>:Debug>$<$<STREQUAL:dynamic,dynamic>:DLL>"
      VCPKG_CHAINLOAD_TOOLCHAIN_FILE: "C:/Program Files/Microsoft Visual Studio/2022/Community/VC/vcpkg/scripts/toolchains/windows.cmake"
      VCPKG_CRT_LINKAGE: "dynamic"
      VCPKG_CXX_FLAGS: ""
      VCPKG_CXX_FLAGS_DEBUG: ""
      VCPKG_CXX_FLAGS_RELEASE: ""
      VCPKG_C_FLAGS: ""
      VCPKG_C_FLAGS_DEBUG: ""
      VCPKG_C_FLAGS_RELEASE: ""
      VCPKG_INSTALLED_DIR: "C:/Users/jonas/Downloads/rompecabezas-kinect-c/vcpkg_installed"
      VCPKG_LINKER_FLAGS: ""
      VCPKG_LINKER_FLAGS_DEBUG: ""
      VCPKG_LINKER_FLAGS_RELEASE: ""
      VCPKG_PLATFORM_TOOLSET: "v143"
      VCPKG_PREFER_SYSTEM_LIBS: "OFF"
      VCPKG_SET_CHARSET_FLAG: "ON"
      VCPKG_TARGET_ARCHITECTURE: "x64"
      VCPKG_TARGET_TRIPLET: "x64-windows"
      Z_VCPKG_ROOT_DIR: "C:/Program Files/Microsoft Visual Studio/2022/Community/VC/vcpkg"
    buildResult:
      variable: "HAVE_STDDEF_H"
      cached: true
      stdout: |
        Change Dir: 'C:/Users/jonas/Downloads/rompecabezas-kinect-c/vcpkg_installed/vcpkg/blds/zlib/x64-windows-rel/CMakeFiles/CMakeScratch/TryCompile-zesj4d'
        
        Run Build Command(s): "C:/Program Files/Microsoft Visual Studio/2022/Community/Common7/IDE/CommonExtensions/Microsoft/CMake/Ninja/ninja.exe" -v cmTC_68f3f
        [1/2] C:\\PROGRA~1\\MIB055~1\\2022\\COMMUN~1\\VC\\Tools\\MSVC\\1444~1.352\\bin\\Hostx64\\x64\\cl.exe  /nologo   /nologo /DWIN32 /D_WINDOWS /utf-8 /MP   /MDd /Z7 /Ob0 /Od /RTC1  -MDd /showIncludes /FoCMakeFiles\\cmTC_68f3f.dir\\CheckIncludeFile.c.obj /FdCMakeFiles\\cmTC_68f3f.dir\\ /FS -c C:\\Users\\jonas\\Downloads\\rompecabezas-kinect-c\\vcpkg_installed\\vcpkg\\blds\\zlib\\x64-windows-rel\\CMakeFiles\\CMakeScratch\\TryCompile-zesj4d\\CheckIncludeFile.c
        [2/2] C:\\WINDOWS\\system32\\cmd.exe /C "cd . && "C:\\Program Files\\Microsoft Visual Studio\\2022\\Community\\Common7\\IDE\\CommonExtensions\\Microsoft\\CMake\\CMake\\bin\\cmake.exe" -E vs_link_exe --msvc-ver=1944 --intdir=CMakeFiles\\cmTC_68f3f.dir --rc=C:\\PROGRA~2\\WI3CF2~1\\10\\bin\\100261~1.0\\x64\\rc.exe --mt=C:\\PROGRA~2\\WI3CF2~1\\10\\bin\\100261~1.0\\x64\\mt.exe --manifests  -- C:\\PROGRA~1\\MIB055~1\\2022\\COMMUN~1\\VC\\Tools\\MSVC\\1444~1.352\\bin\\Hostx64\\x64\\link.exe /nologo CMakeFiles\\cmTC_68f3f.dir\\CheckIncludeFile.c.obj  /out:cmTC_68f3f.exe /implib:cmTC_68f3f.lib /pdb:cmTC_68f3f.pdb /version:0.0 /machine:x64  /nologo    /debug /INCREMENTAL /subsystem:console  kernel32.lib user32.lib gdi32.lib winspool.lib shell32.lib ole32.lib oleaut32.lib uuid.lib comdlg32.lib advapi32.lib && cd ."
        
      exitCode: 0
  -
    kind: "try_compile-v1"
    backtrace:
      - "C:/Program Files/Microsoft Visual Studio/2022/Community/Common7/IDE/CommonExtensions/Microsoft/CMake/CMake/share/cmake-3.31/Modules/CheckTypeSize.cmake:156 (try_compile)"
      - "C:/Program Files/Microsoft Visual Studio/2022/Community/Common7/IDE/CommonExtensions/Microsoft/CMake/CMake/share/cmake-3.31/Modules/CheckTypeSize.cmake:283 (__check_type_size_impl)"
      - "CMakeLists.txt:42 (check_type_size)"
    checks:
      - "Check size of off64_t"
    directories:
      source: "C:/Users/jonas/Downloads/rompecabezas-kinect-c/vcpkg_installed/vcpkg/blds/zlib/x64-windows-rel/CMakeFiles/CMakeScratch/TryCompile-2fbmq8"
      binary: "C:/Users/jonas/Downloads/rompecabezas-kinect-c/vcpkg_installed/vcpkg/blds/zlib/x64-windows-rel/CMakeFiles/CMakeScratch/TryCompile-2fbmq8"
    cmakeVariables:
      CMAKE_C_FLAGS: " /nologo /DWIN32 /D_WINDOWS /utf-8 /MP "
      CMAKE_C_FLAGS_DEBUG: "/MDd /Z7 /Ob0 /Od /RTC1 "
      CMAKE_EXE_LINKER_FLAGS: "/machine:x64"
      CMAKE_MSVC_DEBUG_INFORMATION_FORMAT: ""
      CMAKE_MSVC_RUNTIME_LIBRARY: "MultiThreaded$<$<CONFIG:Debug>:Debug>$<$<STREQUAL:dynamic,dynamic>:DLL>"
      VCPKG_CHAINLOAD_TOOLCHAIN_FILE: "C:/Program Files/Microsoft Visual Studio/2022/Community/VC/vcpkg/scripts/toolchains/windows.cmake"
      VCPKG_CRT_LINKAGE: "dynamic"
      VCPKG_CXX_FLAGS: ""
      VCPKG_CXX_FLAGS_DEBUG: ""
      VCPKG_CXX_FLAGS_RELEASE: ""
      VCPKG_C_FLAGS: ""
      VCPKG_C_FLAGS_DEBUG: ""
      VCPKG_C_FLAGS_RELEASE: ""
      VCPKG_INSTALLED_DIR: "C:/Users/jonas/Downloads/rompecabezas-kinect-c/vcpkg_installed"
      VCPKG_LINKER_FLAGS: ""
      VCPKG_LINKER_FLAGS_DEBUG: ""
      VCPKG_LINKER_FLAGS_RELEASE: ""
      VCPKG_PLATFORM_TOOLSET: "v143"
      VCPKG_PREFER_SYSTEM_LIBS: "OFF"
      VCPKG_SET_CHARSET_FLAG: "ON"
      VCPKG_TARGET_ARCHITECTURE: "x64"
      VCPKG_TARGET_TRIPLET: "x64-windows"
      Z_VCPKG_ROOT_DIR: "C:/Program Files/Microsoft Visual Studio/2022/Community/VC/vcpkg"
    buildResult:
      variable: "HAVE_OFF64_T"
      cached: true
      stdout: |
        Change Dir: 'C:/Users/jonas/Downloads/rompecabezas-kinect-c/vcpkg_installed/vcpkg/blds/zlib/x64-windows-rel/CMakeFiles/CMakeScratch/TryCompile-2fbmq8'
        
        Run Build Command(s): "C:/Program Files/Microsoft Visual Studio/2022/Community/Common7/IDE/CommonExtensions/Microsoft/CMake/Ninja/ninja.exe" -v cmTC_c9a40
        [1/2] C:\\PROGRA~1\\MIB055~1\\2022\\COMMUN~1\\VC\\Tools\\MSVC\\1444~1.352\\bin\\Hostx64\\x64\\cl.exe  /nologo -DHAVE_STDDEF_H -DHAVE_STDINT_H -DHAVE_SYS_TYPES_H -D_LARGEFILE64_SOURCE=1  /nologo /DWIN32 /D_WINDOWS /utf-8 /MP   /MDd /Z7 /Ob0 /Od /RTC1  -MDd /showIncludes /FoCMakeFiles\\cmTC_c9a40.dir\\OFF64_T.c.obj /FdCMakeFiles\\cmTC_c9a40.dir\\ /FS -c C:\\Users\\jonas\\Downloads\\rompecabezas-kinect-c\\vcpkg_installed\\vcpkg\\blds\\zlib\\x64-windows-rel\\CMakeFiles\\CMakeScratch\\TryCompile-2fbmq8\\OFF64_T.c
        FAILED: CMakeFiles/cmTC_c9a40.dir/OFF64_T.c.obj 
        C:\\PROGRA~1\\MIB055~1\\2022\\COMMUN~1\\VC\\Tools\\MSVC\\1444~1.352\\bin\\Hostx64\\x64\\cl.exe  /nologo -DHAVE_STDDEF_H -DHAVE_STDINT_H -DHAVE_SYS_TYPES_H -D_LARGEFILE64_SOURCE=1  /nologo /DWIN32 /D_WINDOWS /utf-8 /MP   /MDd /Z7 /Ob0 /Od /RTC1  -MDd /showIncludes /FoCMakeFiles\\cmTC_c9a40.dir\\OFF64_T.c.obj /FdCMakeFiles\\cmTC_c9a40.dir\\ /FS -c C:\\Users\\jonas\\Downloads\\rompecabezas-kinect-c\\vcpkg_installed\\vcpkg\\blds\\zlib\\x64-windows-rel\\CMakeFiles\\CMakeScratch\\TryCompile-2fbmq8\\OFF64_T.c
        C:\\Users\\jonas\\Downloads\\rompecabezas-kinect-c\\vcpkg_installed\\vcpkg\\blds\\zlib\\x64-windows-rel\\CMakeFiles\\CMakeScratch\\TryCompile-2fbmq8\\OFF64_T.c(29): error C2065: 'off64_t': identificador no declarado
        C:\\Users\\jonas\\Downloads\\rompecabezas-kinect-c\\vcpkg_installed\\vcpkg\\blds\\zlib\\x64-windows-rel\\CMakeFiles\\CMakeScratch\\TryCompile-2fbmq8\\OFF64_T.c(30): error C2065: 'off64_t': identificador no declarado
        C:\\Users\\jonas\\Downloads\\rompecabezas-kinect-c\\vcpkg_installed\\vcpkg\\blds\\zlib\\x64-windows-rel\\CMakeFiles\\CMakeScratch\\TryCompile-2fbmq8\\OFF64_T.c(31): error C2065: 'off64_t': identificador no declarado
        C:\\Users\\jonas\\Downloads\\rompecabezas-kinect-c\\vcpkg_installed\\vcpkg\\blds\\zlib\\x64-windows-rel\\CMakeFiles\\CMakeScratch\\TryCompile-2fbmq8\\OFF64_T.c(32): error C2065: 'off64_t': identificador no declarado
        C:\\Users\\jonas\\Downloads\\rompecabezas-kinect-c\\vcpkg_installed\\vcpkg\\blds\\zlib\\x64-windows-rel\\CMakeFiles\\CMakeScratch\\TryCompile-2fbmq8\\OFF64_T.c(33): error C2065: 'off64_t': identificador no declarado
        ninja: build stopped: subcommand failed.
        
      exitCode: 1
  -
    kind: "try_compile-v1"
    backtrace:
      - "C:/Program Files/Microsoft Visual Studio/2022/Community/Common7/IDE/CommonExtensions/Microsoft/CMake/CMake/share/cmake-3.31/Modules/CheckFunctionExists.cmake:93 (try_compile)"
      - "CMakeLists.txt:51 (check_function_exists)"
    checks:
      - "Looking for fseeko"
    directories:
      source: "C:/Users/jonas/Downloads/rompecabezas-kinect-c/vcpkg_installed/vcpkg/blds/zlib/x64-windows-rel/CMakeFiles/CMakeScratch/TryCompile-9lfgzu"
      binary: "C:/Users/jonas/Downloads/rompecabezas-kinect-c/vcpkg_installed/vcpkg/blds/zlib/x64-windows-rel/CMakeFiles/CMakeScratch/TryCompile-9lfgzu"
    cmakeVariables:
      CMAKE_C_FLAGS: " /nologo /DWIN32 /D_WINDOWS /utf-8 /MP "
      CMAKE_C_FLAGS_DEBUG: "/MDd /Z7 /Ob0 /Od /RTC1 "
      CMAKE_EXE_LINKER_FLAGS: "/machine:x64"
      CMAKE_MSVC_DEBUG_INFORMATION_FORMAT: ""
      CMAKE_MSVC_RUNTIME_LIBRARY: "MultiThreaded$<$<CONFIG:Debug>:Debug>$<$<STREQUAL:dynamic,dynamic>:DLL>"
      VCPKG_CHAINLOAD_TOOLCHAIN_FILE: "C:/Program Files/Microsoft Visual Studio/2022/Community/VC/vcpkg/scripts/toolchains/windows.cmake"
      VCPKG_CRT_LINKAGE: "dynamic"
      VCPKG_CXX_FLAGS: ""
      VCPKG_CXX_FLAGS_DEBUG: ""
      VCPKG_CXX_FLAGS_RELEASE: ""
      VCPKG_C_FLAGS: ""
      VCPKG_C_FLAGS_DEBUG: ""
      VCPKG_C_FLAGS_RELEASE: ""
      VCPKG_INSTALLED_DIR: "C:/Users/jonas/Downloads/rompecabezas-kinect-c/vcpkg_installed"
      VCPKG_LINKER_FLAGS: ""
      VCPKG_LINKER_FLAGS_DEBUG: ""
      VCPKG_LINKER_FLAGS_RELEASE: ""
      VCPKG_PLATFORM_TOOLSET: "v143"
      VCPKG_PREFER_SYSTEM_LIBS: "OFF"
      VCPKG_SET_CHARSET_FLAG: "ON"
      VCPKG_TARGET_ARCHITECTURE: "x64"
      VCPKG_TARGET_TRIPLET: "x64-windows"
      Z_VCPKG_ROOT_DIR: "C:/Program Files/Microsoft Visual Studio/2022/Community/VC/vcpkg"
    buildResult:
      variable: "HAVE_FSEEKO"
      cached: true
      stdout: |
        Change Dir: 'C:/Users/jonas/Downloads/rompecabezas-kinect-c/vcpkg_installed/vcpkg/blds/zlib/x64-windows-rel/CMakeFiles/CMakeScratch/TryCompile-9lfgzu'
        
        Run Build Command(s): "C:/Program Files/Microsoft Visual Studio/2022/Community/Common7/IDE/CommonExtensions/Microsoft/CMake/Ninja/ninja.exe" -v cmTC_bd950
        [1/2] C:\\PROGRA~1\\MIB055~1\\2022\\COMMUN~1\\VC\\Tools\\MSVC\\1444~1.352\\bin\\Hostx64\\x64\\cl.exe  /nologo   /nologo /DWIN32 /D_WINDOWS /utf-8 /MP  -DCHECK_FUNCTION_EXISTS=fseeko /MDd /Z7 /Ob0 /Od /RTC1  -MDd /showIncludes /FoCMakeFiles\\cmTC_bd950.dir\\CheckFunctionExists.c.obj /FdCMakeFiles\\cmTC_bd950.dir\\ /FS -c C:\\Users\\jonas\\Downloads\\rompecabezas-kinect-c\\vcpkg_installed\\vcpkg\\blds\\zlib\\x64-windows-rel\\CMakeFiles\\CMakeScratch\\TryCompile-9lfgzu\\CheckFunctionExists.c
        [2/2] C:\\WINDOWS\\system32\\cmd.exe /C "cd . && "C:\\Program Files\\Microsoft Visual Studio\\2022\\Community\\Common7\\IDE\\CommonExtensions\\Microsoft\\CMake\\CMake\\bin\\cmake.exe" -E vs_link_exe --msvc-ver=1944 --intdir=CMakeFiles\\cmTC_bd950.dir --rc=C:\\PROGRA~2\\WI3CF2~1\\10\\bin\\100261~1.0\\x64\\rc.exe --mt=C:\\PROGRA~2\\WI3CF2~1\\10\\bin\\100261~1.0\\x64\\mt.exe --manifests  -- C:\\PROGRA~1\\MIB055~1\\2022\\COMMUN~1\\VC\\Tools\\MSVC\\1444~1.352\\bin\\Hostx64\\x64\\link.exe /nologo CMakeFiles\\cmTC_bd950.dir\\CheckFunctionExists.c.obj  /out:cmTC_bd950.exe /implib:cmTC_bd950.lib /pdb:cmTC_bd950.pdb /version:0.0 /machine:x64  /nologo    /debug /INCREMENTAL /subsystem:console  kernel32.lib user32.lib gdi32.lib winspool.lib shell32.lib ole32.lib oleaut32.lib uuid.lib comdlg32.lib advapi32.lib && cd ."
        FAILED: cmTC_bd950.exe 
        C:\\WINDOWS\\system32\\cmd.exe /C "cd . && "C:\\Program Files\\Microsoft Visual Studio\\2022\\Community\\Common7\\IDE\\CommonExtensions\\Microsoft\\CMake\\CMake\\bin\\cmake.exe" -E vs_link_exe --msvc-ver=1944 --intdir=CMakeFiles\\cmTC_bd950.dir --rc=C:\\PROGRA~2\\WI3CF2~1\\10\\bin\\100261~1.0\\x64\\rc.exe --mt=C:\\PROGRA~2\\WI3CF2~1\\10\\bin\\100261~1.0\\x64\\mt.exe --manifests  -- C:\\PROGRA~1\\MIB055~1\\2022\\COMMUN~1\\VC\\Tools\\MSVC\\1444~1.352\\bin\\Hostx64\\x64\\link.exe /nologo CMakeFiles\\cmTC_bd950.dir\\CheckFunctionExists.c.obj  /out:cmTC_bd950.exe /implib:cmTC_bd950.lib /pdb:cmTC_bd950.pdb /version:0.0 /machine:x64  /nologo    /debug /INCREMENTAL /subsystem:console  kernel32.lib user32.lib gdi32.lib winspool.lib shell32.lib ole32.lib oleaut32.lib uuid.lib comdlg32.lib advapi32.lib && cd ."
        LINK Pass 1: command "C:\\PROGRA~1\\MIB055~1\\2022\\COMMUN~1\\VC\\Tools\\MSVC\\1444~1.352\\bin\\Hostx64\\x64\\link.exe /nologo CMakeFiles\\cmTC_bd950.dir\\CheckFunctionExists.c.obj /out:cmTC_bd950.exe /implib:cmTC_bd950.lib /pdb:cmTC_bd950.pdb /version:0.0 /machine:x64 /nologo /debug /INCREMENTAL /subsystem:console kernel32.lib user32.lib gdi32.lib winspool.lib shell32.lib ole32.lib oleaut32.lib uuid.lib comdlg32.lib advapi32.lib /MANIFEST /MANIFESTFILE:CMakeFiles\\cmTC_bd950.dir/intermediate.manifest CMakeFiles\\cmTC_bd950.dir/manifest.res" failed (exit code 1120) with the following output:
        CheckFunctionExists.c.obj : error LNK2019: símbolo externo fseeko sin resolver al que se hace referencia en la función main
        cmTC_bd950.exe : fatal error LNK1120: 1 externos sin resolver\x0d
        ninja: build stopped: subcommand failed.
        
      exitCode: 1
  -
    kind: "try_compile-v1"
    backtrace:
      - "C:/Program Files/Microsoft Visual Studio/2022/Community/Common7/IDE/CommonExtensions/Microsoft/CMake/CMake/share/cmake-3.31/Modules/CheckIncludeFile.cmake:99 (try_compile)"
      - "CMakeLists.txt:59 (check_include_file)"
    checks:
      - "Looking for unistd.h"
    directories:
      source: "C:/Users/jonas/Downloads/rompecabezas-kinect-c/vcpkg_installed/vcpkg/blds/zlib/x64-windows-rel/CMakeFiles/CMakeScratch/TryCompile-a6zcvb"
      binary: "C:/Users/jonas/Downloads/rompecabezas-kinect-c/vcpkg_installed/vcpkg/blds/zlib/x64-windows-rel/CMakeFiles/CMakeScratch/TryCompile-a6zcvb"
    cmakeVariables:
      CMAKE_C_FLAGS: " /nologo /DWIN32 /D_WINDOWS /utf-8 /MP "
      CMAKE_C_FLAGS_DEBUG: "/MDd /Z7 /Ob0 /Od /RTC1 "
      CMAKE_EXE_LINKER_FLAGS: "/machine:x64"
      CMAKE_MSVC_DEBUG_INFORMATION_FORMAT: ""
      CMAKE_MSVC_RUNTIME_LIBRARY: "MultiThreaded$<$<CONFIG:Debug>:Debug>$<$<STREQUAL:dynamic,dynamic>:DLL>"
      VCPKG_CHAINLOAD_TOOLCHAIN_FILE: "C:/Program Files/Microsoft Visual Studio/2022/Community/VC/vcpkg/scripts/toolchains/windows.cmake"
      VCPKG_CRT_LINKAGE: "dynamic"
      VCPKG_CXX_FLAGS: ""
      VCPKG_CXX_FLAGS_DEBUG: ""
      VCPKG_CXX_FLAGS_RELEASE: ""
      VCPKG_C_FLAGS: ""
      VCPKG_C_FLAGS_DEBUG: ""
      VCPKG_C_FLAGS_RELEASE: ""
      VCPKG_INSTALLED_DIR: "C:/Users/jonas/Downloads/rompecabezas-kinect-c/vcpkg_installed"
      VCPKG_LINKER_FLAGS: ""
      VCPKG_LINKER_FLAGS_DEBUG: ""
      VCPKG_LINKER_FLAGS_RELEASE: ""
      VCPKG_PLATFORM_TOOLSET: "v143"
      VCPKG_PREFER_SYSTEM_LIBS: "OFF"
      VCPKG_SET_CHARSET_FLAG: "ON"
      VCPKG_TARGET_ARCHITECTURE: "x64"
      VCPKG_TARGET_TRIPLET: "x64-windows"
      Z_VCPKG_ROOT_DIR: "C:/Program Files/Microsoft Visual Studio/2022/Community/VC/vcpkg"
    buildResult:
      variable: "Z_HAVE_UNISTD_H"
      cached: true
      stdout: |
        Change Dir: 'C:/Users/jonas/Downloads/rompecabezas-kinect-c/vcpkg_installed/vcpkg/blds/zlib/x64-windows-rel/CMakeFiles/CMakeScratch/TryCompile-a6zcvb'
        
        Run Build Command(s): "C:/Program Files/Microsoft Visual Studio/2022/Community/Common7/IDE/CommonExtensions/Microsoft/CMake/Ninja/ninja.exe" -v cmTC_23870
        [1/2] C:\\PROGRA~1\\MIB055~1\\2022\\COMMUN~1\\VC\\Tools\\MSVC\\1444~1.352\\bin\\Hostx64\\x64\\cl.exe  /nologo   /nologo /DWIN32 /D_WINDOWS /utf-8 /MP   /MDd /Z7 /Ob0 /Od /RTC1  -MDd /showIncludes /FoCMakeFiles\\cmTC_23870.dir\\CheckIncludeFile.c.obj /FdCMakeFiles\\cmTC_23870.dir\\ /FS -c C:\\Users\\jonas\\Downloads\\rompecabezas-kinect-c\\vcpkg_installed\\vcpkg\\blds\\zlib\\x64-windows-rel\\CMakeFiles\\CMakeScratch\\TryCompile-a6zcvb\\CheckIncludeFile.c
        FAILED: CMakeFiles/cmTC_23870.dir/CheckIncludeFile.c.obj 
        C:\\PROGRA~1\\MIB055~1\\2022\\COMMUN~1\\VC\\Tools\\MSVC\\1444~1.352\\bin\\Hostx64\\x64\\cl.exe  /nologo   /nologo /DWIN32 /D_WINDOWS /utf-8 /MP   /MDd /Z7 /Ob0 /Od /RTC1  -MDd /showIncludes /FoCMakeFiles\\cmTC_23870.dir\\CheckIncludeFile.c.obj /FdCMakeFiles\\cmTC_23870.dir\\ /FS -c C:\\Users\\jonas\\Downloads\\rompecabezas-kinect-c\\vcpkg_installed\\vcpkg\\blds\\zlib\\x64-windows-rel\\CMakeFiles\\CMakeScratch\\TryCompile-a6zcvb\\CheckIncludeFile.c
        C:\\Users\\jonas\\Downloads\\rompecabezas-kinect-c\\vcpkg_installed\\vcpkg\\blds\\zlib\\x64-windows-rel\\CMakeFiles\\CMakeScratch\\TryCompile-a6zcvb\\CheckIncludeFile.c(1): fatal error C1083: No se puede abrir el archivo incluir: 'unistd.h': No such file or directory
        ninja: build stopped: subcommand failed.
        
      exitCode: 1
...
